c:\users\aryan\onedrive\desktop\progammin\cpp\pps\pps\x64\debug\vc143.pdb
c:\users\aryan\onedrive\desktop\progammin\cpp\pps\pps\x64\debug\vc143.idb
c:\users\aryan\onedrive\desktop\progammin\cpp\pps\pps\x64\debug\4.7.obj
c:\users\aryan\onedrive\desktop\progammin\cpp\pps\pps\x64\debug\2.17.obj
c:\users\aryan\onedrive\desktop\progammin\cpp\pps\pps\x64\debug\pps.obj
c:\users\aryan\appdata\local\temp\lnk{8457bf55-730e-4714-b388-ab6e56a9e559}.tmp
c:\users\aryan\onedrive\desktop\progammin\cpp\pps\pps\x64\debug\pps.ilk
c:\users\aryan\onedrive\desktop\progammin\cpp\pps\x64\debug\pps.exe
c:\users\aryan\onedrive\desktop\progammin\cpp\pps\x64\debug\pps.pdb
c:\users\aryan\onedrive\desktop\progammin\cpp\pps\pps\x64\debug\pps.tlog\cl.command.1.tlog
c:\users\aryan\onedrive\desktop\progammin\cpp\pps\pps\x64\debug\pps.tlog\cl.read.1.tlog
c:\users\aryan\onedrive\desktop\progammin\cpp\pps\pps\x64\debug\pps.tlog\cl.write.1.tlog
c:\users\aryan\onedrive\desktop\progammin\cpp\pps\pps\x64\debug\pps.tlog\link.9232-cvtres.read.1.tlog
c:\users\aryan\onedrive\desktop\progammin\cpp\pps\pps\x64\debug\pps.tlog\link.9232-cvtres.write.1.tlog
c:\users\aryan\onedrive\desktop\progammin\cpp\pps\pps\x64\debug\pps.tlog\link.9232-rc.read.1.tlog
c:\users\aryan\onedrive\desktop\progammin\cpp\pps\pps\x64\debug\pps.tlog\link.9232-rc.write.1.tlog
c:\users\aryan\onedrive\desktop\progammin\cpp\pps\pps\x64\debug\pps.tlog\link.9232.read.1.tlog
c:\users\aryan\onedrive\desktop\progammin\cpp\pps\pps\x64\debug\pps.tlog\link.9232.read.2.tlog
c:\users\aryan\onedrive\desktop\progammin\cpp\pps\pps\x64\debug\pps.tlog\link.9232.write.1.tlog
c:\users\aryan\onedrive\desktop\progammin\cpp\pps\pps\x64\debug\pps.tlog\link.command.1.tlog
c:\users\aryan\onedrive\desktop\progammin\cpp\pps\pps\x64\debug\pps.tlog\link.read.1.tlog
c:\users\aryan\onedrive\desktop\progammin\cpp\pps\pps\x64\debug\pps.tlog\link.write.1.tlog
